\BOOKMARK [1][-]{Item.2}{\376\377\000A\000b\000b\000r\000e\000v\000i\000a\000t\000i\000o\000n}{}% 1
\BOOKMARK [1][-]{section.1}{\376\377\000I\000n\000t\000r\000o\000d\000u\000c\000t\000i\000o\000n}{}% 2
\BOOKMARK [1][-]{section.2}{\376\377\000C\000a\000t\000e\000g\000o\000r\000i\000e\000s}{}% 3
\BOOKMARK [1][-]{section.3}{\376\377\000U\000s\000e\000f\000u\000l\000\040\000L\000i\000n\000k\000s}{}% 4
\BOOKMARK [1][-]{section.4}{\376\377\000G\000e\000n\000e\000r\000a\000l\000\040\000T\000h\000i\000n\000g\000s\000\040\000r\000e\000g\000a\000r\000d\000i\000n\000g\000\040\000t\000h\000e\000\040\000M\000T\000L}{}% 5
\BOOKMARK [2][-]{subsection.4.1}{\376\377\000R\000a\000n\000k\000i\000n\000g\000,\000\040\000E\000l\000o\000\040\000\046\000\040\000V\000e\000t\000o\000\040\000A\000d\000j\000u\000s\000t\000m\000e\000n\000t}{section.4}% 6
\BOOKMARK [3][-]{subsubsection.4.1.1}{\376\377\000E\000l\000o\000\040\000R\000a\000t\000i\000n\000g\000\040\000-\000\040\000E\000R}{subsection.4.1}% 7
\BOOKMARK [3][-]{subsubsection.4.1.2}{\376\377\000V\000e\000t\000o\000\040\000A\000d\000j\000u\000s\000t\000m\000e\000n\000t}{subsection.4.1}% 8
\BOOKMARK [1][-]{section.5}{\376\377\000M\000o\000v\000e\000\040\000O\000r\000d\000e\000r\000\040\000\046\000\040\000P\000i\000c\000k\000i\000n\000g\000\040\000P\000h\000a\000s\000e}{}% 9
\BOOKMARK [2][-]{subsection.5.1}{\376\377\000E\000x\000p\000l\000a\000n\000a\000t\000i\000o\000n\000\040\000o\000f\000\040\000M\000o\000v\000e\000\040\000O\000r\000d\000e\000r\000\040\000-\000\040\000A\000B\000B\000A}{section.5}% 10
\BOOKMARK [2][-]{subsection.5.2}{\376\377\000M\000o\000v\000e\000\040\000O\000r\000d\000e\000r\000\040\000S\000e\000t\000t\000i\000n\000g\000s}{section.5}% 11
\BOOKMARK [2][-]{subsection.5.3}{\376\377\000M\000T\000L\000\040\000t\000e\000m\000p\000l\000a\000t\000e\000s\000\040\000M\000o\000v\000e\000\040\000O\000r\000d\000e\000r\000\040\000a\000r\000c\000h\000i\000v\000e}{section.5}% 12
\BOOKMARK [2][-]{subsection.5.4}{\376\377\000A\000B\000B\000A\000\040\000e\000x\000p\000a\000n\000d\000e\000d\000\040\000t\000o\000\040\000T\000e\000a\000m\000\040\000G\000a\000m\000e\000s}{section.5}% 13
\BOOKMARK [3][-]{subsubsection.5.4.1}{\376\377\0002\000v\000s\0002}{subsection.5.4}% 14
\BOOKMARK [4][-]{paragraph.5.4.1.1}{\376\377\0002\000v\000s\0002\000:\000\040\000A\000B\000B\000A\000\040\000i\000n\000\040\000O\000r\000d\000e\000r\000s\000\040\000a\000n\000d\000\040\000d\000e\000t\000e\000r\000m\000i\000n\000i\000n\000g\000\040\000M\000o\000v\000e\000\040\000O\000r\000d\000e\000r}{subsubsection.5.4.1}% 15
\BOOKMARK [4][-]{paragraph.5.4.1.2}{\376\377\0002\000v\000s\0002\000:\000\040\000A\000B\000B\000A\000\040\000i\000n\000\040\000m\000a\000k\000i\000n\000g\000\040\000p\000i\000c\000k\000s\000:\000\040\000M\000i\000r\000r\000o\000r\000i\000n\000g}{subsubsection.5.4.1}% 16
\BOOKMARK [4][-]{paragraph.5.4.1.3}{\376\377\0002\000v\000s\0002\000:\000\040\000A\000B\000B\000A\000\040\000i\000n\000\040\000m\000a\000k\000i\000n\000g\000\040\000p\000i\000c\000k\000s\000:\000\040\000N\000o\000t\000\040\000M\000i\000r\000r\000o\000r\000i\000n\000g}{subsubsection.5.4.1}% 17
\BOOKMARK [3][-]{subsubsection.5.4.2}{\376\377\0003\000v\000s\0003}{subsection.5.4}% 18
\BOOKMARK [2][-]{subsection.5.5}{\376\377\000O\000r\000d\000e\000r\000\040\000o\000f\000\040\000D\000e\000p\000l\000o\000y\000m\000e\000n\000t}{section.5}% 19
\BOOKMARK [2][-]{subsection.5.6}{\376\377\000P\000i\000c\000k\000\040\000C\000o\000m\000b\000i\000n\000a\000t\000i\000o\000n\000s}{section.5}% 20
\BOOKMARK [2][-]{subsection.5.7}{\376\377\000S\000t\000r\000u\000c\000t\000u\000r\000i\000n\000g\000\040\000P\000i\000c\000k\000s}{section.5}% 21
\BOOKMARK [2][-]{subsection.5.8}{\376\377\000F\000i\000g\000u\000r\000i\000n\000g\000\040\000t\000h\000e\000\040\000M\000o\000v\000e\000\040\000O\000r\000d\000e\000r\000\040\000b\000a\000s\000e\000d\000\040\000o\000n\000\040\000p\000i\000c\000k\000\040\000o\000u\000t\000c\000o\000m\000e}{section.5}% 22
\BOOKMARK [2][-]{subsection.5.9}{\376\377\000T\000u\000r\000n\000\040\000P\000h\000a\000s\000e\000s}{section.5}% 23
\BOOKMARK [3][-]{subsubsection.5.9.1}{\376\377\000O\000r\000d\000e\000r\000\040\000D\000e\000l\000a\000y\000\040\000a\000n\000d\000\040\000P\000h\000a\000s\000e\000s}{subsection.5.9}% 24
\BOOKMARK [1][-]{section.6}{\376\377\000G\000e\000n\000e\000r\000a\000l\000\040\000G\000a\000m\000e\000p\000l\000a\000y}{}% 25
\BOOKMARK [2][-]{subsection.6.1}{\376\377\000E\000f\000f\000i\000c\000i\000e\000n\000c\000y\000\040\000a\000n\000d\000\040\000K\000i\000l\000l\000\040\000R\000a\000t\000e\000s}{section.6}% 26
\BOOKMARK [3][-]{subsubsection.6.1.1}{\376\377\000A\000t\000t\000a\000c\000k\000e\000r\000\040\000C\000u\000r\000v\000e\000s\000\040\000a\000t\000\040\000p\000\040\000=\000\040\0000\000.\0006\0000}{subsection.6.1}% 27
\BOOKMARK [3][-]{subsubsection.6.1.2}{\376\377\000D\000e\000f\000e\000n\000d\000e\000r\000\040\000C\000u\000r\000v\000e\000s\000\040\000a\000t\000\040\000p\000\040\000=\000\040\0000\000.\0007\0000}{subsection.6.1}% 28
\BOOKMARK [3][-]{subsubsection.6.1.3}{\376\377\000P\000r\000a\000c\000t\000i\000c\000a\000l\000\040\000t\000i\000p\000s}{subsection.6.1}% 29
\BOOKMARK [4][-]{paragraph.6.1.3.1}{\376\377\000T\000a\000p\000s}{subsubsection.6.1.3}% 30
\BOOKMARK [2][-]{subsection.6.2}{\376\377\000A\000r\000m\000y\000\040\000M\000a\000n\000a\000g\000e\000m\000e\000n\000t}{section.6}% 31
\BOOKMARK [3][-]{subsubsection.6.2.1}{\376\377\000E\000x\000p\000a\000n\000d\000i\000n\000g\000\040\000w\000i\000t\000h\000\040\000L\000e\000f\000t\000o\000v\000e\000r\000s\000\040\000\046\000\040\000E\000x\000p\000a\000n\000d\000i\000n\000g\000\040\000E\000f\000f\000i\000c\000i\000e\000n\000t\000l\000y}{subsection.6.2}% 32
\BOOKMARK [3][-]{subsubsection.6.2.2}{\376\377\0005\000v\000s\0003\000\040\000a\000g\000a\000i\000n\000s\000t\000\040\0003\000+\0001\000v\000s\0003}{subsection.6.2}% 33
\BOOKMARK [3][-]{subsubsection.6.2.3}{\376\377\000D\000e\000l\000a\000y\000i\000n\000g}{subsection.6.2}% 34
\BOOKMARK [4][-]{paragraph.6.2.3.1}{\376\377\000A\000b\000i\000l\000i\000t\000y\000\040\000t\000o\000\040\000"\000G\000e\000n\000e\000r\000a\000t\000e\000"\000\040\000n\000e\000w\000\040\000a\000r\000m\000i\000e\000s}{subsubsection.6.2.3}% 35
\BOOKMARK [4][-]{paragraph.6.2.3.2}{\376\377\000W\000h\000e\000n\000\040\000t\000o\000\040\000d\000e\000l\000a\000y}{subsubsection.6.2.3}% 36
\BOOKMARK [4][-]{paragraph.6.2.3.3}{\376\377\000A\000r\000m\000y\000\040\000p\000l\000a\000c\000e\000m\000e\000n\000t\000s\000\040\000a\000n\000d\000\040\000m\000a\000n\000e\000u\000v\000e\000r\000s}{subsubsection.6.2.3}% 37
\BOOKMARK [3][-]{subsubsection.6.2.4}{\376\377\000C\000o\000n\000s\000e\000r\000v\000i\000n\000g\000\040\000a\000r\000m\000i\000e\000s\000\040\000w\000h\000e\000n\000\040\000a\000t\000t\000a\000c\000k\000i\000n\000g}{subsection.6.2}% 38
\BOOKMARK [2][-]{subsection.6.3}{\376\377\000R\000a\000t\000i\000o\000\040\000a\000n\000d\000\040\000S\000t\000a\000l\000e\000m\000a\000t\000e\000s}{section.6}% 39
\BOOKMARK [3][-]{subsubsection.6.3.1}{\376\377\0001\000.\0007\000\040\000R\000a\000t\000i\000o\000\040\000a\000n\000d\000\040\000K\000i\000l\000l\000\040\000R\000a\000t\000e\000s}{subsection.6.3}% 40
\BOOKMARK [3][-]{subsubsection.6.3.2}{\376\377\000S\000t\000a\000l\000e\000m\000a\000t\000e\000s}{subsection.6.3}% 41
\BOOKMARK [2][-]{subsection.6.4}{\376\377\000P\000o\000s\000i\000t\000i\000o\000n\000a\000l\000\040\000P\000l\000a\000y}{section.6}% 42
\BOOKMARK [2][-]{subsection.6.5}{\376\377\000P\000a\000t\000t\000e\000r\000n\000\040\000R\000e\000c\000o\000g\000n\000i\000t\000i\000o\000n\000,\000\040\000P\000r\000e\000d\000i\000c\000t\000i\000o\000n\000s}{section.6}% 43
\BOOKMARK [2][-]{subsection.6.6}{\376\377\000M\000a\000p\000s\000\040\000\046\000\040\000T\000e\000m\000p\000l\000a\000t\000e\000s}{section.6}% 44
\BOOKMARK [3][-]{subsubsection.6.6.1}{\376\377\000E\000f\000f\000i\000c\000i\000e\000n\000t\000\040\000B\000o\000n\000u\000s\000e\000s}{subsection.6.6}% 45
\BOOKMARK [1][-]{section.7}{\376\377\000R\000o\000u\000n\000d\000i\000n\000g}{}% 46
\BOOKMARK [2][-]{subsection.7.1}{\376\377\000S\000a\000n\000c\000t\000i\000o\000n\000s}{section.7}% 47
\BOOKMARK [2][-]{subsection.7.2}{\376\377\000R\000e\000i\000n\000f\000o\000r\000c\000e\000m\000e\000n\000t\000\040\000C\000a\000r\000d}{section.7}% 48
\BOOKMARK [2][-]{subsection.7.3}{\376\377\000E\000m\000e\000r\000g\000e\000n\000c\000y\000\040\000B\000l\000o\000c\000k\000a\000d\000e\000\040\000\046\000\040\000B\000l\000o\000c\000k\000a\000d\000e}{section.7}% 49
\BOOKMARK [2][-]{subsection.7.4}{\376\377\000B\000o\000m\000b}{section.7}% 50
\BOOKMARK [2][-]{subsection.7.5}{\376\377\000K\000i\000l\000l\000\040\000R\000a\000t\000e\000s}{section.7}% 51
\BOOKMARK [2][-]{subsection.7.6}{\376\377\000A\000t\000t\000a\000c\000k\000\040\000b\000y\000\040\000P\000e\000r\000c\000e\000n\000t\000a\000g\000e}{section.7}% 52
\BOOKMARK [1][-]{section.8}{\376\377\000C\000a\000r\000d\000\040\000S\000e\000t\000t\000i\000n\000g\000s}{}% 53
\BOOKMARK [2][-]{subsection.8.1}{\376\377\000A\000i\000r\000l\000i\000f\000t}{section.8}% 54
\BOOKMARK [2][-]{subsection.8.2}{\376\377\000B\000l\000o\000c\000k\000a\000d\000e}{section.8}% 55
\BOOKMARK [2][-]{subsection.8.3}{\376\377\000B\000o\000m\000b}{section.8}% 56
\BOOKMARK [2][-]{subsection.8.4}{\376\377\000E\000m\000e\000r\000g\000e\000n\000c\000y\000\040\000B\000l\000o\000c\000k\000a\000d\000e}{section.8}% 57
\BOOKMARK [2][-]{subsection.8.5}{\376\377\000D\000i\000p\000l\000o\000m\000a\000c\000y}{section.8}% 58
\BOOKMARK [2][-]{subsection.8.6}{\376\377\000G\000i\000f\000t}{section.8}% 59
\BOOKMARK [2][-]{subsection.8.7}{\376\377\000O\000r\000d\000e\000r\000\040\000D\000e\000l\000a\000y}{section.8}% 60
\BOOKMARK [2][-]{subsection.8.8}{\376\377\000O\000r\000d\000e\000r\000\040\000P\000r\000i\000o\000r\000i\000t\000y}{section.8}% 61
\BOOKMARK [2][-]{subsection.8.9}{\376\377\000R\000e\000c\000o\000n\000n\000a\000i\000s\000s\000a\000n\000c\000e}{section.8}% 62
\BOOKMARK [2][-]{subsection.8.10}{\376\377\000R\000e\000i\000n\000f\000o\000r\000c\000e\000m\000e\000n\000t}{section.8}% 63
\BOOKMARK [2][-]{subsection.8.11}{\376\377\000S\000a\000n\000c\000t\000i\000o\000n}{section.8}% 64
\BOOKMARK [2][-]{subsection.8.12}{\376\377\000S\000u\000r\000v\000e\000i\000l\000l\000a\000n\000c\000e}{section.8}% 65
\BOOKMARK [2][-]{subsection.8.13}{\376\377\000S\000p\000y}{section.8}% 66
\BOOKMARK [1][-]{section.9}{\376\377\000S\000p\000e\000c\000i\000f\000i\000c\000\040\000T\000r\000i\000c\000k\000s}{}% 67
\BOOKMARK [2][-]{subsection.9.1}{\376\377\000P\000e\000r\000c\000e\000n\000t\000a\000g\000e\000\040\000M\000o\000v\000e\000s}{section.9}% 68
\BOOKMARK [2][-]{subsection.9.2}{\376\377\000I\000n\000t\000e\000l\000\040\000M\000o\000v\000e}{section.9}% 69
\BOOKMARK [2][-]{subsection.9.3}{\376\377\000A\000t\000t\000a\000c\000k\000-\000o\000n\000l\000y}{section.9}% 70
\BOOKMARK [2][-]{subsection.9.4}{\376\377\000T\000r\000a\000n\000s\000f\000e\000r\000-\000o\000n\000l\000y}{section.9}% 71
\BOOKMARK [2][-]{subsection.9.5}{\376\377\000H\000i\000d\000i\000n\000g\000\040\000a\000r\000m\000i\000e\000s\000/\000i\000n\000c\000o\000m\000e}{section.9}% 72
\BOOKMARK [2][-]{subsection.9.6}{\376\377\000D\000e\000n\000y\000i\000n\000g\000\040\000c\000a\000r\000d\000\040\000p\000i\000e\000c\000e\000s}{section.9}% 73
\BOOKMARK [1][-]{section.10}{\376\377\000W\000R}{}% 74
\BOOKMARK [2][-]{subsection.10.1}{\376\377\000T\000h\000e\000o\000r\000y}{section.10}% 75
\BOOKMARK [2][-]{subsection.10.2}{\376\377\000T\000e\000m\000p\000l\000a\000t\000e\000s}{section.10}% 76
\BOOKMARK [2][-]{subsection.10.3}{\376\377\000P\000r\000o\000b\000a\000b\000i\000l\000i\000t\000i\000e\000s\000\040\000\046\000\040\000E\000x\000p\000a\000n\000d\000i\000n\000g\000\040\000E\000f\000f\000i\000c\000i\000e\000n\000t\000l\000y}{section.10}% 77
\BOOKMARK [2][-]{subsection.10.4}{\376\377\000K\000i\000l\000l\000-\000R\000a\000t\000e\000s}{section.10}% 78
\BOOKMARK [2][-]{subsection.10.5}{\376\377\000C\000y\000c\000l\000i\000c\000\040\000M\000o\000v\000e\000\040\000O\000r\000d\000e\000r\000\040\000T\000e\000m\000p\000l\000a\000t\000e\000s}{section.10}% 79
\BOOKMARK [3][-]{subsubsection.10.5.1}{\376\377\000B\000e\000l\000a\000r\000u\000s}{subsection.10.5}% 80
\BOOKMARK [4][-]{paragraph.10.5.1.1}{\376\377\000O\000u\000t\000l\000i\000n\000e}{subsubsection.10.5.1}% 81
\BOOKMARK [4][-]{paragraph.10.5.1.2}{\376\377\000M\000a\000p\000\040\000D\000y\000n\000a\000m\000i\000c\000s}{subsubsection.10.5.1}% 82
\BOOKMARK [4][-]{paragraph.10.5.1.3}{\376\377\000P\000i\000c\000k\000i\000n\000g\000\040\000L\000o\000g\000i\000c}{subsubsection.10.5.1}% 83
\BOOKMARK [4][-]{paragraph.10.5.1.4}{\376\377\000G\000a\000m\000e\000p\000l\000a\000y}{subsubsection.10.5.1}% 84
\BOOKMARK [3][-]{subsubsection.10.5.2}{\376\377\000G\000r\000e\000a\000t\000\040\000L\000a\000k\000e\000s}{subsection.10.5}% 85
\BOOKMARK [4][-]{paragraph.10.5.2.1}{\376\377\000O\000u\000t\000l\000i\000n\000e}{subsubsection.10.5.2}% 86
\BOOKMARK [4][-]{paragraph.10.5.2.2}{\376\377\000M\000a\000p\000\040\000D\000y\000n\000a\000m\000i\000c\000s}{subsubsection.10.5.2}% 87
\BOOKMARK [4][-]{paragraph.10.5.2.3}{\376\377\000P\000i\000c\000k\000i\000n\000g\000\040\000L\000o\000g\000i\000c}{subsubsection.10.5.2}% 88
\BOOKMARK [4][-]{paragraph.10.5.2.4}{\376\377\000G\000a\000m\000e\000p\000l\000a\000y}{subsubsection.10.5.2}% 89
\BOOKMARK [3][-]{subsubsection.10.5.3}{\376\377\000P\000a\000n\000g\000e\000a\000\040\000U\000l\000t\000i\000m\000a}{subsection.10.5}% 90
\BOOKMARK [4][-]{paragraph.10.5.3.1}{\376\377\000O\000u\000t\000l\000i\000n\000e}{subsubsection.10.5.3}% 91
\BOOKMARK [4][-]{paragraph.10.5.3.2}{\376\377\000M\000a\000p\000\040\000D\000y\000n\000a\000m\000i\000c\000s}{subsubsection.10.5.3}% 92
\BOOKMARK [4][-]{paragraph.10.5.3.3}{\376\377\000P\000i\000c\000k\000i\000n\000g\000\040\000L\000o\000g\000i\000c}{subsubsection.10.5.3}% 93
\BOOKMARK [4][-]{paragraph.10.5.3.4}{\376\377\000G\000a\000m\000e\000p\000l\000a\000y}{subsubsection.10.5.3}% 94
\BOOKMARK [2][-]{subsection.10.6}{\376\377\000R\000a\000n\000d\000o\000m\000\040\000M\000o\000v\000e\000\040\000O\000r\000d\000e\000r\000\040\000T\000e\000m\000p\000l\000a\000t\000e\000s}{section.10}% 95
\BOOKMARK [3][-]{subsubsection.10.6.1}{\376\377\000B\000r\000i\000t\000i\000s\000h\000\040\000R\000a\000j}{subsection.10.6}% 96
\BOOKMARK [4][-]{paragraph.10.6.1.1}{\376\377\000O\000u\000t\000l\000i\000n\000e}{subsubsection.10.6.1}% 97
\BOOKMARK [4][-]{paragraph.10.6.1.2}{\376\377\000M\000a\000p\000\040\000D\000y\000n\000a\000m\000i\000c\000s}{subsubsection.10.6.1}% 98
\BOOKMARK [4][-]{paragraph.10.6.1.3}{\376\377\000P\000i\000c\000k\000i\000n\000g\000\040\000L\000o\000g\000i\000c}{subsubsection.10.6.1}% 99
\BOOKMARK [4][-]{paragraph.10.6.1.4}{\376\377\000G\000a\000m\000e\000p\000l\000a\000y}{subsubsection.10.6.1}% 100
\BOOKMARK [3][-]{subsubsection.10.6.2}{\376\377\000F\000i\000n\000a\000l\000\040\000F\000a\000n\000t\000a\000s\000y}{subsection.10.6}% 101
\BOOKMARK [4][-]{paragraph.10.6.2.1}{\376\377\000O\000u\000t\000l\000i\000n\000e}{subsubsection.10.6.2}% 102
\BOOKMARK [4][-]{paragraph.10.6.2.2}{\376\377\000M\000a\000p\000\040\000D\000y\000n\000a\000m\000i\000c\000s}{subsubsection.10.6.2}% 103
\BOOKMARK [4][-]{paragraph.10.6.2.3}{\376\377\000P\000i\000c\000k\000i\000n\000g\000\040\000L\000o\000g\000i\000c}{subsubsection.10.6.2}% 104
\BOOKMARK [4][-]{paragraph.10.6.2.4}{\376\377\000G\000a\000m\000e\000p\000l\000a\000y}{subsubsection.10.6.2}% 105
\BOOKMARK [3][-]{subsubsection.10.6.3}{\376\377\000P\000h\000o\000b\000i\000a}{subsection.10.6}% 106
\BOOKMARK [4][-]{paragraph.10.6.3.1}{\376\377\000O\000u\000t\000l\000i\000n\000e}{subsubsection.10.6.3}% 107
\BOOKMARK [4][-]{paragraph.10.6.3.2}{\376\377\000M\000a\000p\000\040\000D\000y\000n\000a\000m\000i\000c\000s}{subsubsection.10.6.3}% 108
\BOOKMARK [4][-]{paragraph.10.6.3.3}{\376\377\000P\000i\000c\000k\000i\000n\000g\000\040\000L\000o\000g\000i\000c}{subsubsection.10.6.3}% 109
\BOOKMARK [3][-]{subsubsection.10.6.4}{\376\377\000R\000a\000n\000d\000o\000m\000i\000s\000e\000d\000\040\000S\000t\000r\000a\000t\000\040\000M\000E}{subsection.10.6}% 110
\BOOKMARK [4][-]{paragraph.10.6.4.1}{\376\377\000O\000u\000t\000l\000i\000n\000e}{subsubsection.10.6.4}% 111
\BOOKMARK [4][-]{paragraph.10.6.4.2}{\376\377\000M\000a\000p\000\040\000D\000y\000n\000a\000m\000i\000c\000s}{subsubsection.10.6.4}% 112
\BOOKMARK [4][-]{paragraph.10.6.4.3}{\376\377\000P\000i\000c\000k\000i\000n\000g\000\040\000L\000o\000g\000i\000c}{subsubsection.10.6.4}% 113
\BOOKMARK [4][-]{paragraph.10.6.4.4}{\376\377\000G\000a\000m\000e\000p\000l\000a\000y}{subsubsection.10.6.4}% 114
\BOOKMARK [3][-]{subsubsection.10.6.5}{\376\377\000S\000t\000r\000a\000t\000\040\000M\000E}{subsection.10.6}% 115
\BOOKMARK [4][-]{paragraph.10.6.5.1}{\376\377\000O\000u\000t\000l\000i\000n\000e}{subsubsection.10.6.5}% 116
\BOOKMARK [4][-]{paragraph.10.6.5.2}{\376\377\000M\000a\000p\000\040\000D\000y\000n\000a\000m\000i\000c\000s}{subsubsection.10.6.5}% 117
\BOOKMARK [4][-]{paragraph.10.6.5.3}{\376\377\000P\000i\000c\000k\000i\000n\000g\000\040\000L\000o\000g\000i\000c}{subsubsection.10.6.5}% 118
\BOOKMARK [4][-]{paragraph.10.6.5.4}{\376\377\000G\000a\000m\000e\000p\000l\000a\000y}{subsubsection.10.6.5}% 119
\BOOKMARK [3][-]{subsubsection.10.6.6}{\376\377\000T\000o\000r\000-\000t\000u\000r\000e}{subsection.10.6}% 120
\BOOKMARK [4][-]{paragraph.10.6.6.1}{\376\377\000O\000u\000t\000l\000i\000n\000e}{subsubsection.10.6.6}% 121
\BOOKMARK [4][-]{paragraph.10.6.6.2}{\376\377\000M\000a\000p\000\040\000D\000y\000n\000a\000m\000i\000c\000s}{subsubsection.10.6.6}% 122
\BOOKMARK [4][-]{paragraph.10.6.6.3}{\376\377\000P\000i\000c\000k\000i\000n\000g\000\040\000L\000o\000g\000i\000c}{subsubsection.10.6.6}% 123
\BOOKMARK [4][-]{paragraph.10.6.6.4}{\376\377\000G\000a\000m\000e\000p\000l\000a\000y}{subsubsection.10.6.6}% 124
\BOOKMARK [1][-]{section.11}{\376\377\000"\000W\000e\000i\000r\000d\000\040\000S\000e\000t\000t\000i\000n\000g\000s\000"}{}% 125
\BOOKMARK [2][-]{subsection.11.1}{\376\377\000E\000x\000t\000r\000a\000\040\000a\000r\000m\000i\000e\000s\000\040\000e\000v\000e\000r\000y\000\040\0002\000\040\000t\000e\000r\000r\000i\000t\000o\000r\000i\000e\000s}{section.11}% 126
\BOOKMARK [3][-]{subsubsection.11.1.1}{\376\377\000F\000r\000e\000n\000c\000h\000\040\000B\000r\000a\000w\000l}{subsection.11.1}% 127
\BOOKMARK [4][-]{paragraph.11.1.1.1}{\376\377\000O\000u\000t\000l\000i\000n\000e}{subsubsection.11.1.1}% 128
\BOOKMARK [4][-]{paragraph.11.1.1.2}{\376\377\000D\000i\000s\000t\000r\000i\000b\000u\000t\000i\000o\000n\000s\000\040\000w\000i\000t\000h\000\040\000p\000r\000e\000d\000o\000m\000i\000n\000a\000n\000t\000l\000y\000\040\000s\000m\000a\000l\000l\000\040\000b\000o\000n\000u\000s\000e\000s}{subsubsection.11.1.1}% 129
\BOOKMARK [4][-]{paragraph.11.1.1.3}{\376\377\000+\0003\000\040\000F\000T\000B\000s\000/\000c\000o\000m\000b\000o\000s\000\040\000\046\000\040\000+\0004\000\040\000F\000T\000B\000s\000/\000c\000o\000m\000b\000o\000s}{subsubsection.11.1.1}% 130
\BOOKMARK [4][-]{paragraph.11.1.1.4}{\376\377\000+\0007\000s}{subsubsection.11.1.1}% 131
\BOOKMARK [3][-]{subsubsection.11.1.2}{\376\377\000Y\000o\000r\000k\000s\000h\000i\000r\000e\000\040\000B\000r\000a\000w\000l}{subsection.11.1}% 132
\BOOKMARK [4][-]{paragraph.11.1.2.1}{\376\377\000O\000u\000t\000l\000i\000n\000e}{subsubsection.11.1.2}% 133
\BOOKMARK [4][-]{paragraph.11.1.2.2}{\376\377\000G\000a\000m\000e\000p\000l\000a\000y}{subsubsection.11.1.2}% 134
\BOOKMARK [2][-]{subsection.11.2}{\376\377\000L\000u\000c\000k\000\040\000M\000o\000d\000i\000f\000i\000e\000r}{section.11}% 135
\BOOKMARK [3][-]{subsubsection.11.2.1}{\376\377\000H\000o\000w\000\040\000L\000u\000c\000k\000\040\000w\000o\000r\000k\000s}{subsection.11.2}% 136
\BOOKMARK [4][-]{paragraph.11.2.1.1}{\376\377\000A\000t\000t\000a\000c\000k\000\040\000o\000f\000\040\0003\000\040\000o\000n\000\040\0002}{subsubsection.11.2.1}% 137
\BOOKMARK [4][-]{paragraph.11.2.1.2}{\376\377\000A\000t\000t\000a\000c\000k\000\040\000o\000f\000\040\0006\000\040\000o\000n\000\040\0004}{subsubsection.11.2.1}% 138
\BOOKMARK [4][-]{paragraph.11.2.1.3}{\376\377\000G\000u\000i\000r\000o\000m\000a}{subsubsection.11.2.1}% 139
\BOOKMARK [5][-]{subparagraph.11.2.1.3.1}{\376\377\000O\000u\000t\000l\000i\000n\000e}{paragraph.11.2.1.3}% 140
\BOOKMARK [5][-]{subparagraph.11.2.1.3.2}{\376\377\000M\000a\000p\000\040\000D\000y\000n\000a\000m\000i\000c\000s}{paragraph.11.2.1.3}% 141
\BOOKMARK [5][-]{subparagraph.11.2.1.3.3}{\376\377\000G\000a\000m\000e\000p\000l\000a\000y\000\040\000\046\000\040\000I\000d\000e\000a\000s}{paragraph.11.2.1.3}% 142
\BOOKMARK [4][-]{paragraph.11.2.1.4}{\376\377\000B\000a\000t\000t\000l\000e\000\040\000f\000o\000r\000\040\000M\000i\000d\000d\000l\000e\000\040\000E\000a\000r\000t\000h}{subsubsection.11.2.1}% 143
\BOOKMARK [5][-]{subparagraph.11.2.1.4.1}{\376\377\000O\000u\000t\000l\000i\000n\000e}{paragraph.11.2.1.4}% 144
\BOOKMARK [5][-]{subparagraph.11.2.1.4.2}{\376\377\000M\000a\000p\000\040\000D\000y\000n\000a\000m\000i\000c\000s}{paragraph.11.2.1.4}% 145
\BOOKMARK [5][-]{subparagraph.11.2.1.4.3}{\376\377\000G\000a\000m\000e\000p\000l\000a\000y}{paragraph.11.2.1.4}% 146
\BOOKMARK [2][-]{subsection.11.3}{\376\377\000T\000e\000m\000p\000l\000a\000t\000e\000s\000\040\000w\000i\000t\000h\000\040\000d\000i\000f\000f\000e\000r\000e\000n\000t\000\040\000K\000i\000l\000l\000\040\000R\000a\000t\000e\000s}{section.11}% 147
\BOOKMARK [3][-]{subsubsection.11.3.1}{\376\377\000T\000i\000m\000i\000d\000\040\000L\000a\000n\000d\000s}{subsection.11.3}% 148
\BOOKMARK [4][-]{paragraph.11.3.1.1}{\376\377\000O\000u\000t\000l\000i\000n\000e}{subsubsection.11.3.1}% 149
\BOOKMARK [4][-]{paragraph.11.3.1.2}{\376\377\000P\000i\000c\000k\000i\000n\000g\000,\000\040\000G\000a\000m\000e\000p\000l\000a\000y\000\040\000a\000n\000d\000\040\000D\000i\000f\000f\000e\000r\000e\000n\000t\000\040\000S\000t\000r\000a\000t\000e\000g\000i\000e\000s}{subsubsection.11.3.1}% 150
\BOOKMARK [3][-]{subsubsection.11.3.2}{\376\377\000F\000a\000s\000t\000\040\000E\000a\000r\000t\000h}{subsection.11.3}% 151
\BOOKMARK [4][-]{paragraph.11.3.2.1}{\376\377\000O\000u\000t\000l\000i\000n\000e}{subsubsection.11.3.2}% 152
\BOOKMARK [4][-]{paragraph.11.3.2.2}{\376\377\000P\000i\000c\000k\000i\000n\000g\000,\000\040\000G\000a\000m\000e\000p\000l\000a\000y\000\040\000a\000n\000d\000\040\000D\000i\000f\000f\000e\000r\000e\000n\000t\000\040\000S\000t\000r\000a\000t\000e\000g\000i\000e\000s}{subsubsection.11.3.2}% 153
\BOOKMARK [2][-]{subsection.11.4}{\376\377\000L\000o\000c\000a\000l\000\040\000D\000e\000p\000l\000o\000y\000m\000e\000n\000t}{section.11}% 154
\BOOKMARK [3][-]{subsubsection.11.4.1}{\376\377\000T\000u\000r\000k\000e\000y\000\040\000L\000D}{subsection.11.4}% 155
\BOOKMARK [4][-]{paragraph.11.4.1.1}{\376\377\000O\000u\000t\000l\000i\000n\000e}{subsubsection.11.4.1}% 156
\BOOKMARK [4][-]{paragraph.11.4.1.2}{\376\377\000P\000i\000c\000k\000s\000\040\000\046\000\040\000G\000a\000m\000e\000p\000l\000a\000y}{subsubsection.11.4.1}% 157
\BOOKMARK [3][-]{subsubsection.11.4.2}{\376\377\000G\000r\000e\000e\000c\000e\000\040\000L\000D}{subsection.11.4}% 158
\BOOKMARK [3][-]{subsubsection.11.4.3}{\376\377\000S\000u\000c\000c\000e\000s\000s\000i\000o\000n\000\040\000W\000a\000r\000s}{subsection.11.4}% 159
\BOOKMARK [2][-]{subsection.11.5}{\376\377\000A\000r\000m\000y\000\040\000C\000a\000p}{section.11}% 160
\BOOKMARK [3][-]{subsubsection.11.5.1}{\376\377\000G\000e\000o\000r\000g\000i\000a\000\040\000A\000C}{subsection.11.5}% 161
\BOOKMARK [3][-]{subsubsection.11.5.2}{\376\377\000B\000l\000i\000t\000z\000k\000r\000i\000e\000g\000\040\000B\000o\000r\000k}{subsection.11.5}% 162
\BOOKMARK [2][-]{subsection.11.6}{\376\377\000M\000u\000l\000t\000i\000\040\000A\000t\000t\000a\000c\000k}{section.11}% 163
\BOOKMARK [3][-]{subsubsection.11.6.1}{\376\377\000B\000a\000t\000t\000l\000e\000\040\000I\000s\000l\000a\000n\000d\000s\000\040\000M\000A}{subsection.11.6}% 164
\BOOKMARK [3][-]{subsubsection.11.6.2}{\376\377\000M\000A\000L\000D}{subsection.11.6}% 165
\BOOKMARK [2][-]{subsection.11.7}{\376\377\000I\000s\000l\000a\000n\000d\000\040\000o\000f\000\040\000R\000u\000i\000n\000s}{section.11}% 166
\BOOKMARK [2][-]{subsection.11.8}{\376\377\000L\000a\000m\000p\000u\000r\000i\000a\000\040\000S\000w\000a\000m\000p}{section.11}% 167
\BOOKMARK [2][-]{subsection.11.9}{\376\377\000I\000N\000S\000S}{section.11}% 168
\BOOKMARK [3][-]{subsubsection.11.9.1}{\376\377\000A\000s\000e\000r\000i\000d\000i\000t\000h\000\040\000I\000s\000l\000a\000n\000d\000s}{subsection.11.9}% 169
\BOOKMARK [3][-]{subsubsection.11.9.2}{\376\377\000B\000i\000o\000m\000e\000s\000\040\000o\000f\000\040\000A\000m\000e\000r\000i\000c\000a}{subsection.11.9}% 170
\BOOKMARK [3][-]{subsubsection.11.9.3}{\376\377\000E\000l\000i\000t\000i\000s\000t\000\040\000A\000f\000r\000i\000c\000a}{subsection.11.9}% 171
\BOOKMARK [2][-]{subsection.11.10}{\376\377\000S\000t\000r\000a\000t\000e\000g\000i\000c\000\040\000C\000o\000m\000m\000a\000n\000d\000e\000r\000s}{section.11}% 172
\BOOKMARK [2][-]{subsection.11.11}{\376\377\000N\000o\000-\000S\000p\000l\000i\000t}{section.11}% 173
\BOOKMARK [3][-]{subsubsection.11.11.1}{\376\377\000M\000a\000c\000e\000d\000o\000n\000i\000a\000-\000n\000o\000-\000s\000p\000l\000i\000t}{subsection.11.11}% 174
\BOOKMARK [2][-]{subsection.11.12}{\376\377\000L\000a\000n\000d\000r\000i\000a}{section.11}% 175
\BOOKMARK [2][-]{subsection.11.13}{\376\377\000E\000a\000r\000t\000h\000s\000e\000a}{section.11}% 176
\BOOKMARK [2][-]{subsection.11.14}{\376\377\000T\000a\000r\000a\000b\000o\000n\000i\000a\000'\000s\000\040\000C\000h\000o\000i\000c\000e}{section.11}% 177
\BOOKMARK [1][-]{section.12}{\376\377\000S\000R}{}% 178
\BOOKMARK [2][-]{subsection.12.1}{\376\377\0005\000\040\000a\000r\000m\000i\000e\000s\000\040\000p\000e\000r\000\040\000i\000n\000i\000t\000i\000a\000l\000\040\000t\000e\000r\000r\000i\000t\000o\000r\000y}{section.12}% 179
\BOOKMARK [3][-]{subsubsection.12.1.1}{\376\377\000S\000t\000r\000a\000t\000e\000g\000i\000c\000\040\000G\000r\000e\000e\000c\000e}{subsection.12.1}% 180
\BOOKMARK [2][-]{subsection.12.2}{\376\377\0004\000\040\000a\000r\000m\000i\000e\000s\000\040\000p\000e\000r\000\040\000i\000n\000i\000t\000i\000a\000l\000\040\000t\000e\000r\000r\000i\000t\000o\000r\000y}{section.12}% 181
\BOOKMARK [3][-]{subsubsection.12.2.1}{\376\377\0005\000\040\000I\000n\000c\000o\000m\000e}{subsection.12.2}% 182
\BOOKMARK [4][-]{paragraph.12.2.1.1}{\376\377\0004\000\040\000I\000n\000i\000t\000i\000a\000l\000\040\000T\000e\000r\000r\000i\000t\000o\000r\000i\000e\000s}{subsubsection.12.2.1}% 183
\BOOKMARK [5][-]{subparagraph.12.2.1.1.1}{\376\377\000B\000l\000a\000c\000k\000\040\000S\000e\000a}{paragraph.12.2.1.1}% 184
\BOOKMARK [5][-]{subparagraph.12.2.1.1.2}{\376\377\000M\000a\000l\000v\000i\000a}{paragraph.12.2.1.1}% 185
\BOOKMARK [5][-]{subparagraph.12.2.1.1.3}{\376\377\000V\000o\000l\000c\000a\000n\000o\000\040\000I\000s\000l\000a\000n\000d}{paragraph.12.2.1.1}% 186
\BOOKMARK [5][-]{subparagraph.12.2.1.1.4}{\376\377\000W\000o\000r\000l\000d\000\040\000o\000f\000\040\000W\000a\000r\000h\000a\000m\000m\000e\000r}{paragraph.12.2.1.1}% 187
\BOOKMARK [4][-]{paragraph.12.2.1.2}{\376\377\0003\000\040\000I\000n\000i\000t\000i\000a\000l\000\040\000T\000e\000r\000r\000i\000t\000o\000r\000i\000e\000s}{subsubsection.12.2.1}% 188
\BOOKMARK [5][-]{subparagraph.12.2.1.2.1}{\376\377\000P\000o\000s\000t\000-\000m\000e\000l\000t\000\040\000A\000n\000t\000a\000r\000c\000t\000i\000c\000a}{paragraph.12.2.1.2}% 189
\BOOKMARK [5][-]{subparagraph.12.2.1.2.2}{\376\377\000B\000a\000s\000i\000l\000e\000i\000a}{paragraph.12.2.1.2}% 190
\BOOKMARK [5][-]{subparagraph.12.2.1.2.3}{\376\377\000B\000a\000t\000t\000l\000e\000\040\000I\000s\000l\000a\000n\000d\000s\000\040\000V}{paragraph.12.2.1.2}% 191
\BOOKMARK [5][-]{subparagraph.12.2.1.2.4}{\376\377\000S\000t\000r\000a\000t\000\040\000M\000M\000E}{paragraph.12.2.1.2}% 192
\BOOKMARK [3][-]{subsubsection.12.2.2}{\376\377\0004\000\040\000I\000n\000c\000o\000m\000e}{subsection.12.2}% 193
\BOOKMARK [4][-]{paragraph.12.2.2.1}{\376\377\000L\000a\000k\000e\000t\000o\000w\000n}{subsubsection.12.2.2}% 194
\BOOKMARK [4][-]{paragraph.12.2.2.2}{\376\377\000S\000a\000u\000d\000i\000\040\000A\000r\000a\000b\000i\000a}{subsubsection.12.2.2}% 195
\BOOKMARK [4][-]{paragraph.12.2.2.3}{\376\377\000T\000r\000e\000a\000s\000u\000r\000e\000\040\000M\000a\000p}{subsubsection.12.2.2}% 196
\BOOKMARK [2][-]{subsection.12.3}{\376\377\0003\000\040\000i\000n\000i\000t\000i\000a\000l\000\040\000a\000r\000m\000i\000e\000s\000\040\000p\000e\000r\000\040\000t\000e\000r\000r\000i\000t\000o\000r\000y}{section.12}% 197
\BOOKMARK [3][-]{subsubsection.12.3.1}{\376\377\0005\000\040\000I\000n\000c\000o\000m\000e}{subsection.12.3}% 198
\BOOKMARK [4][-]{paragraph.12.3.1.1}{\376\377\000U\000n\000i\000c\000o\000r\000n\000\040\000I\000s\000l\000a\000n\000d}{subsubsection.12.3.1}% 199
\BOOKMARK [3][-]{subsubsection.12.3.2}{\376\377\0004\000\040\000I\000n\000c\000o\000m\000e}{subsection.12.3}% 200
\BOOKMARK [4][-]{paragraph.12.3.2.1}{\376\377\000D\000i\000s\000c\000o\000v\000e\000r\000y}{subsubsection.12.3.2}% 201
\BOOKMARK [4][-]{paragraph.12.3.2.2}{\376\377\000G\000r\000e\000a\000t\000e\000r\000\040\000M\000i\000d\000d\000l\000e\000\040\000E\000a\000s\000t\000\040\000I\000I\000I}{subsubsection.12.3.2}% 202
\BOOKMARK [4][-]{paragraph.12.3.2.3}{\376\377\000H\000a\000n\000n\000i\000b\000a\000l\000\040\000a\000t\000\040\000t\000h\000e\000\040\000G\000a\000t\000e\000s}{subsubsection.12.3.2}% 203
\BOOKMARK [3][-]{subsubsection.12.3.3}{\376\377\0003\000\040\000I\000n\000c\000o\000m\000e}{subsection.12.3}% 204
\BOOKMARK [4][-]{paragraph.12.3.3.1}{\376\377\000A\000u\000s\000t\000r\000a\000l\000i\000a}{subsubsection.12.3.3}% 205
\BOOKMARK [4][-]{paragraph.12.3.3.2}{\376\377\000N\000u\000m\000e\000n\000o\000r}{subsubsection.12.3.3}% 206
\BOOKMARK [2][-]{subsection.12.4}{\376\377\0002\000\040\000a\000r\000m\000i\000e\000s\000\040\000p\000e\000r\000\040\000i\000n\000i\000t\000i\000a\000l\000\040\000t\000e\000r\000r\000i\000t\000o\000r\000y}{section.12}% 207
\BOOKMARK [3][-]{subsubsection.12.4.1}{\376\377\000S\000l\000o\000w\000\040\000B\000u\000r\000n}{subsection.12.4}% 208
\BOOKMARK [1][-]{section.13}{\376\377\000R\000e\000t\000i\000r\000e\000d\000\040\000T\000e\000m\000p\000l\000a\000t\000e\000s}{}% 209
\BOOKMARK [2][-]{subsection.13.1}{\376\377\000M\000a\000s\000t\000e\000r\000\040\000M\000a\000n\000i\000a}{section.13}% 210
\BOOKMARK [1][-]{section.14}{\376\377\000C\000o\000n\000c\000l\000u\000s\000i\000o\000n\000\040\000\046\000\040\000P\000e\000r\000s\000o\000n\000a\000l\000\040\000R\000e\000m\000a\000r\000k\000s}{}% 211
\BOOKMARK [1][-]{section.15}{\376\377\000A\000p\000p\000e\000n\000d\000i\000x}{}% 212
\BOOKMARK [2][-]{subsection.15.1}{\376\377\000C\000a\000l\000c\000u\000l\000a\000t\000i\000n\000g\000\040\000L\000u\000c\000k}{section.15}% 213
